[2026-04-05 15:40:08] Requête reçue
Data: Array
(
    [method] => GET
    [uri] => /isset/
    [ip] => ::1
    [user_agent] => Mozilla/5.0 (Windows NT 10.0; Win64; x64) AppleWebKit/537.36 (KHTML, like Gecko) Chrome/147.0.0.0 Safari/537.36
    [post_data] => Array
        (
        )

)

[2026-04-05 15:40:08] Initialisation de la classe Auth
[2026-04-05 15:41:51] Requête reçue
Data: Array
(
    [method] => POST
    [uri] => /isset/login.php
    [ip] => ::1
    [user_agent] => Mozilla/5.0 (Windows NT 10.0; Win64; x64) AppleWebKit/537.36 (KHTML, like Gecko) Chrome/147.0.0.0 Safari/537.36
    [post_data] => Array
        (
            [email] => isset.tsevie@gmail.com
            [password] => Dery47"
        )

)

[2026-04-05 15:41:51] Initialisation de la classe Auth
[2026-04-05 15:41:51] Tentative de connexion depuis le formulaire
Data: Array
(
    [email] => isset.tsevie@gmail.com
    [has_password] => 1
)

[2026-04-05 15:41:51] Tentative de connexion
Data: Array
(
    [email] => isset.tsevie@gmail.com
)

[2026-04-05 15:41:51] Utilisateur trouvé
Data: Array
(
    [user_id] => 1
    [role] => directeur
    [first_login] => 0
)

[2026-04-05 15:41:51] Échec de la connexion: mot de passe incorrect
Data: Array
(
    [email] => isset.tsevie@gmail.com
)

[2026-04-05 15:41:51] Échec de la connexion
Data: Array
(
    [email] => isset.tsevie@gmail.com
    [error] => Identifiants invalides
)

[2026-04-05 15:42:05] Requête reçue
Data: Array
(
    [method] => POST
    [uri] => /isset/login.php
    [ip] => ::1
    [user_agent] => Mozilla/5.0 (Windows NT 10.0; Win64; x64) AppleWebKit/537.36 (KHTML, like Gecko) Chrome/147.0.0.0 Safari/537.36
    [post_data] => Array
        (
            [email] => isset.tsevie@gmail.com
            [password] => Dery47#
        )

)

[2026-04-05 15:42:05] Initialisation de la classe Auth
[2026-04-05 15:42:05] Tentative de connexion depuis le formulaire
Data: Array
(
    [email] => isset.tsevie@gmail.com
    [has_password] => 1
)

[2026-04-05 15:42:05] Tentative de connexion
Data: Array
(
    [email] => isset.tsevie@gmail.com
)

[2026-04-05 15:42:05] Utilisateur trouvé
Data: Array
(
    [user_id] => 1
    [role] => directeur
    [first_login] => 0
)

[2026-04-05 15:42:05] Échec de la connexion: mot de passe incorrect
Data: Array
(
    [email] => isset.tsevie@gmail.com
)

[2026-04-05 15:42:05] Échec de la connexion
Data: Array
(
    [email] => isset.tsevie@gmail.com
    [error] => Identifiants invalides
)

[2026-04-05 15:42:18] Requête reçue
Data: Array
(
    [method] => POST
    [uri] => /isset/login.php
    [ip] => ::1
    [user_agent] => Mozilla/5.0 (Windows NT 10.0; Win64; x64) AppleWebKit/537.36 (KHTML, like Gecko) Chrome/147.0.0.0 Safari/537.36
    [post_data] => Array
        (
            [email] => isset.tsevie@gmail.com
            [password] => Derby47#
        )

)

[2026-04-05 15:42:18] Initialisation de la classe Auth
[2026-04-05 15:42:18] Tentative de connexion depuis le formulaire
Data: Array
(
    [email] => isset.tsevie@gmail.com
    [has_password] => 1
)

[2026-04-05 15:42:18] Tentative de connexion
Data: Array
(
    [email] => isset.tsevie@gmail.com
)

[2026-04-05 15:42:18] Utilisateur trouvé
Data: Array
(
    [user_id] => 1
    [role] => directeur
    [first_login] => 0
)

[2026-04-05 15:42:18] Connexion réussie
Data: Array
(
    [user_id] => 1
    [session] => Array
        (
            [user_id] => 1
            [user_name] => Directeur
            [user_role] => directeur
            [first_login] => 0
        )

)

[2026-04-05 15:42:18] Redirection après connexion réussie
Data: Array
(
    [user_id] => 1
    [role] => directeur
    [first_login] => 0
)

[2026-04-05 15:42:18] Redirection vers: directeur/index.php
[2026-04-05 15:42:18] Redirection vers: http://localhost/isset/directeur/index.php
[2026-04-05 15:42:18] Requête reçue
Data: Array
(
    [method] => GET
    [uri] => /isset/directeur/index.php
    [ip] => ::1
    [user_agent] => Mozilla/5.0 (Windows NT 10.0; Win64; x64) AppleWebKit/537.36 (KHTML, like Gecko) Chrome/147.0.0.0 Safari/537.36
    [post_data] => Array
        (
        )

)

[2026-04-05 15:42:18] Initialisation de la classe Auth
[2026-04-05 15:42:25] Requête reçue
Data: Array
(
    [method] => GET
    [uri] => /isset/directeur/bulletins.php
    [ip] => ::1
    [user_agent] => Mozilla/5.0 (Windows NT 10.0; Win64; x64) AppleWebKit/537.36 (KHTML, like Gecko) Chrome/147.0.0.0 Safari/537.36
    [post_data] => Array
        (
        )

)

[2026-04-05 15:42:25] Initialisation de la classe Auth
[2026-04-05 15:42:31] Requête reçue
Data: Array
(
    [method] => GET
    [uri] => /isset/directeur/bulletins.php?classe_id=10&periode_id=1
    [ip] => ::1
    [user_agent] => Mozilla/5.0 (Windows NT 10.0; Win64; x64) AppleWebKit/537.36 (KHTML, like Gecko) Chrome/147.0.0.0 Safari/537.36
    [post_data] => Array
        (
        )

)

[2026-04-05 15:42:31] Initialisation de la classe Auth
[05-Apr-2026 15:42:31 UTC] Classe ID: 10, Classe nom nettoyé: 'F2_1__re'
[2026-04-05 15:45:27] Requête reçue
Data: Array
(
    [method] => GET
    [uri] => /isset/directeur/bulletins.php?classe_id=10&periode_id=1
    [ip] => ::1
    [user_agent] => Mozilla/5.0 (Windows NT 10.0; Win64; x64) AppleWebKit/537.36 (KHTML, like Gecko) Chrome/147.0.0.0 Safari/537.36
    [post_data] => Array
        (
        )

)

[2026-04-05 15:45:27] Initialisation de la classe Auth
[05-Apr-2026 15:45:27 UTC] Classe ID: 10, Classe nom nettoyé: 'F2_1__re'
[2026-04-05 15:48:04] Requête reçue
Data: Array
(
    [method] => GET
    [uri] => /isset/directeur/bulletins.php?classe_id=10&periode_id=1
    [ip] => ::1
    [user_agent] => Mozilla/5.0 (Windows NT 10.0; Win64; x64) AppleWebKit/537.36 (KHTML, like Gecko) Chrome/147.0.0.0 Safari/537.36
    [post_data] => Array
        (
        )

)

[2026-04-05 15:48:04] Initialisation de la classe Auth
[05-Apr-2026 15:48:04 UTC] Classe ID: 10, Classe nom nettoyé: 'F2_1__re'
[2026-04-05 15:48:06] Requête reçue
Data: Array
(
    [method] => GET
    [uri] => /isset/directeur/bulletins.php?classe_id=10&periode_id=1
    [ip] => ::1
    [user_agent] => Mozilla/5.0 (Windows NT 10.0; Win64; x64) AppleWebKit/537.36 (KHTML, like Gecko) Chrome/147.0.0.0 Safari/537.36
    [post_data] => Array
        (
        )

)

[2026-04-05 15:48:06] Initialisation de la classe Auth
[05-Apr-2026 15:48:06 UTC] Classe ID: 10, Classe nom nettoyé: 'F2_1__re'
[2026-04-05 15:49:12] Requête reçue
Data: Array
(
    [method] => GET
    [uri] => /isset/directeur/bulletins.php?classe_id=10&periode_id=1
    [ip] => ::1
    [user_agent] => Mozilla/5.0 (Windows NT 10.0; Win64; x64) AppleWebKit/537.36 (KHTML, like Gecko) Chrome/147.0.0.0 Safari/537.36
    [post_data] => Array
        (
        )

)

[2026-04-05 15:49:12] Initialisation de la classe Auth
[05-Apr-2026 15:49:12 UTC] Classe ID: 10, Classe nom nettoyé: 'F2_1__re'
[2026-04-05 15:51:12] Requête reçue
Data: Array
(
    [method] => GET
    [uri] => /isset/directeur/bulletins.php?classe_id=10&periode_id=1
    [ip] => ::1
    [user_agent] => Mozilla/5.0 (Windows NT 10.0; Win64; x64) AppleWebKit/537.36 (KHTML, like Gecko) Chrome/147.0.0.0 Safari/537.36
    [post_data] => Array
        (
        )

)

[2026-04-05 15:51:12] Initialisation de la classe Auth
[05-Apr-2026 15:51:12 UTC] Classe ID: 10, Classe nom nettoyé: 'F2_1__re'
[2026-04-05 15:51:20] Requête reçue
Data: Array
(
    [method] => GET
    [uri] => /isset/directeur/bulletins.php?classe_id=10&periode_id=1
    [ip] => ::1
    [user_agent] => Mozilla/5.0 (Windows NT 10.0; Win64; x64) AppleWebKit/537.36 (KHTML, like Gecko) Chrome/147.0.0.0 Safari/537.36
    [post_data] => Array
        (
        )

)

[2026-04-05 15:51:20] Initialisation de la classe Auth
[05-Apr-2026 15:51:20 UTC] Classe ID: 10, Classe nom nettoyé: 'F2_1__re'
[2026-04-05 15:51:21] Requête reçue
Data: Array
(
    [method] => GET
    [uri] => /isset/directeur/bulletins.php?classe_id=10&periode_id=1
    [ip] => ::1
    [user_agent] => Mozilla/5.0 (Windows NT 10.0; Win64; x64) AppleWebKit/537.36 (KHTML, like Gecko) Chrome/147.0.0.0 Safari/537.36
    [post_data] => Array
        (
        )

)

[2026-04-05 15:51:21] Initialisation de la classe Auth
[05-Apr-2026 15:51:21 UTC] Classe ID: 10, Classe nom nettoyé: 'F2_1__re'
[2026-04-05 15:53:06] Requête reçue
Data: Array
(
    [method] => GET
    [uri] => /isset/directeur/bulletins.php?classe_id=4&periode_id=1
    [ip] => ::1
    [user_agent] => Mozilla/5.0 (Windows NT 10.0; Win64; x64) AppleWebKit/537.36 (KHTML, like Gecko) Chrome/147.0.0.0 Safari/537.36
    [post_data] => Array
        (
        )

)

[2026-04-05 15:53:06] Initialisation de la classe Auth
[05-Apr-2026 15:53:06 UTC] Classe ID: 4, Classe nom nettoyé: 'F2_2nde'
[2026-04-05 15:53:09] Requête reçue
Data: Array
(
    [method] => GET
    [uri] => /isset/directeur/bulletins.php?classe_id=16&periode_id=1
    [ip] => ::1
    [user_agent] => Mozilla/5.0 (Windows NT 10.0; Win64; x64) AppleWebKit/537.36 (KHTML, like Gecko) Chrome/147.0.0.0 Safari/537.36
    [post_data] => Array
        (
        )

)

[2026-04-05 15:53:09] Initialisation de la classe Auth
[2026-04-05 15:53:13] Requête reçue
Data: Array
(
    [method] => GET
    [uri] => /isset/directeur/bulletins.php?classe_id=11&periode_id=1
    [ip] => ::1
    [user_agent] => Mozilla/5.0 (Windows NT 10.0; Win64; x64) AppleWebKit/537.36 (KHTML, like Gecko) Chrome/147.0.0.0 Safari/537.36
    [post_data] => Array
        (
        )

)

[2026-04-05 15:53:13] Initialisation de la classe Auth
[2026-04-05 15:53:16] Requête reçue
Data: Array
(
    [method] => GET
    [uri] => /isset/directeur/bulletins.php?classe_id=8&periode_id=1
    [ip] => ::1
    [user_agent] => Mozilla/5.0 (Windows NT 10.0; Win64; x64) AppleWebKit/537.36 (KHTML, like Gecko) Chrome/147.0.0.0 Safari/537.36
    [post_data] => Array
        (
        )

)

[2026-04-05 15:53:16] Initialisation de la classe Auth
[2026-04-05 15:53:24] Requête reçue
Data: Array
(
    [method] => GET
    [uri] => /isset/directeur/bulletins.php?classe_id=4&periode_id=1
    [ip] => ::1
    [user_agent] => Mozilla/5.0 (Windows NT 10.0; Win64; x64) AppleWebKit/537.36 (KHTML, like Gecko) Chrome/147.0.0.0 Safari/537.36
    [post_data] => Array
        (
        )

)

[2026-04-05 15:53:24] Initialisation de la classe Auth
[05-Apr-2026 15:53:24 UTC] Classe ID: 4, Classe nom nettoyé: 'F2_2nde'
[2026-04-05 15:55:10] Requête reçue
Data: Array
(
    [method] => GET
    [uri] => /isset/login.php?logged_out=1
    [ip] => ::1
    [user_agent] => Mozilla/5.0 (Windows NT 10.0; Win64; x64) AppleWebKit/537.36 (KHTML, like Gecko) Chrome/147.0.0.0 Safari/537.36
    [post_data] => Array
        (
        )

)

[2026-04-05 15:55:10] Initialisation de la classe Auth
[2026-04-05 15:55:15] Requête reçue
Data: Array
(
    [method] => POST
    [uri] => /isset/login.php
    [ip] => ::1
    [user_agent] => Mozilla/5.0 (Windows NT 10.0; Win64; x64) AppleWebKit/537.36 (KHTML, like Gecko) Chrome/147.0.0.0 Safari/537.36
    [post_data] => Array
        (
            [email] => graceanoumou@gmail.com
            [password] => Derby47#
        )

)

[2026-04-05 15:55:15] Initialisation de la classe Auth
[2026-04-05 15:55:15] Tentative de connexion depuis le formulaire
Data: Array
(
    [email] => graceanoumou@gmail.com
    [has_password] => 1
)

[2026-04-05 15:55:15] Tentative de connexion
Data: Array
(
    [email] => graceanoumou@gmail.com
)

[2026-04-05 15:55:15] Utilisateur trouvé
Data: Array
(
    [user_id] => 2
    [role] => secretaire
    [first_login] => 0
)

[2026-04-05 15:55:15] Connexion réussie
Data: Array
(
    [user_id] => 2
    [session] => Array
        (
            [user_id] => 2
            [user_name] => ANOUMOU
            [user_role] => secretaire
            [first_login] => 0
        )

)

[2026-04-05 15:55:15] Redirection après connexion réussie
Data: Array
(
    [user_id] => 2
    [role] => secretaire
    [first_login] => 0
)

[2026-04-05 15:55:15] Redirection vers: secretaire/index.php
[2026-04-05 15:55:15] Redirection vers: http://localhost/isset/secretaire/index.php
[2026-04-05 15:55:15] Requête reçue
Data: Array
(
    [method] => GET
    [uri] => /isset/secretaire/index.php
    [ip] => ::1
    [user_agent] => Mozilla/5.0 (Windows NT 10.0; Win64; x64) AppleWebKit/537.36 (KHTML, like Gecko) Chrome/147.0.0.0 Safari/537.36
    [post_data] => Array
        (
        )

)

[2026-04-05 15:55:15] Initialisation de la classe Auth
[2026-04-05 15:55:30] Requête reçue
Data: Array
(
    [method] => GET
    [uri] => /isset/login.php?logged_out=1
    [ip] => ::1
    [user_agent] => Mozilla/5.0 (Windows NT 10.0; Win64; x64) AppleWebKit/537.36 (KHTML, like Gecko) Chrome/147.0.0.0 Safari/537.36
    [post_data] => Array
        (
        )

)

[2026-04-05 15:55:30] Initialisation de la classe Auth
[2026-04-05 15:55:40] Requête reçue
Data: Array
(
    [method] => POST
    [uri] => /isset/login.php
    [ip] => ::1
    [user_agent] => Mozilla/5.0 (Windows NT 10.0; Win64; x64) AppleWebKit/537.36 (KHTML, like Gecko) Chrome/147.0.0.0 Safari/537.36
    [post_data] => Array
        (
            [email] => deklokomla@gmail.com
            [password] => Derby47#
        )

)

[2026-04-05 15:55:40] Initialisation de la classe Auth
[2026-04-05 15:55:40] Tentative de connexion depuis le formulaire
Data: Array
(
    [email] => deklokomla@gmail.com
    [has_password] => 1
)

[2026-04-05 15:55:40] Tentative de connexion
Data: Array
(
    [email] => deklokomla@gmail.com
)

[2026-04-05 15:55:40] Utilisateur trouvé
Data: Array
(
    [user_id] => 3
    [role] => professeur
    [first_login] => 0
)

[2026-04-05 15:55:40] Échec de la connexion: mot de passe incorrect
Data: Array
(
    [email] => deklokomla@gmail.com
)

[2026-04-05 15:55:40] Échec de la connexion
Data: Array
(
    [email] => deklokomla@gmail.com
    [error] => Identifiants invalides
)

[2026-04-05 15:55:50] Requête reçue
Data: Array
(
    [method] => POST
    [uri] => /isset/login.php
    [ip] => ::1
    [user_agent] => Mozilla/5.0 (Windows NT 10.0; Win64; x64) AppleWebKit/537.36 (KHTML, like Gecko) Chrome/147.0.0.0 Safari/537.36
    [post_data] => Array
        (
            [email] => deklokomla@gmail.com
            [password] => azerty123
        )

)

[2026-04-05 15:55:50] Initialisation de la classe Auth
[2026-04-05 15:55:50] Tentative de connexion depuis le formulaire
Data: Array
(
    [email] => deklokomla@gmail.com
    [has_password] => 1
)

[2026-04-05 15:55:50] Tentative de connexion
Data: Array
(
    [email] => deklokomla@gmail.com
)

[2026-04-05 15:55:50] Utilisateur trouvé
Data: Array
(
    [user_id] => 3
    [role] => professeur
    [first_login] => 0
)

[2026-04-05 15:55:50] Échec de la connexion: mot de passe incorrect
Data: Array
(
    [email] => deklokomla@gmail.com
)

[2026-04-05 15:55:50] Échec de la connexion
Data: Array
(
    [email] => deklokomla@gmail.com
    [error] => Identifiants invalides
)

[2026-04-05 15:56:02] Requête reçue
Data: Array
(
    [method] => POST
    [uri] => /isset/login.php
    [ip] => ::1
    [user_agent] => Mozilla/5.0 (Windows NT 10.0; Win64; x64) AppleWebKit/537.36 (KHTML, like Gecko) Chrome/147.0.0.0 Safari/537.36
    [post_data] => Array
        (
            [email] => deklokomla@gmail.com
            [password] => azerty
        )

)

[2026-04-05 15:56:02] Initialisation de la classe Auth
[2026-04-05 15:56:02] Tentative de connexion depuis le formulaire
Data: Array
(
    [email] => deklokomla@gmail.com
    [has_password] => 1
)

[2026-04-05 15:56:02] Tentative de connexion
Data: Array
(
    [email] => deklokomla@gmail.com
)

[2026-04-05 15:56:02] Utilisateur trouvé
Data: Array
(
    [user_id] => 3
    [role] => professeur
    [first_login] => 0
)

[2026-04-05 15:56:02] Échec de la connexion: mot de passe incorrect
Data: Array
(
    [email] => deklokomla@gmail.com
)

[2026-04-05 15:56:02] Échec de la connexion
Data: Array
(
    [email] => deklokomla@gmail.com
    [error] => Identifiants invalides
)

[2026-04-05 15:56:15] Requête reçue
Data: Array
(
    [method] => POST
    [uri] => /isset/login.php
    [ip] => ::1
    [user_agent] => Mozilla/5.0 (Windows NT 10.0; Win64; x64) AppleWebKit/537.36 (KHTML, like Gecko) Chrome/147.0.0.0 Safari/537.36
    [post_data] => Array
        (
            [email] => isset.tsevie@gmail.com
            [password] => Derby47#
        )

)

[2026-04-05 15:56:15] Initialisation de la classe Auth
[2026-04-05 15:56:15] Tentative de connexion depuis le formulaire
Data: Array
(
    [email] => isset.tsevie@gmail.com
    [has_password] => 1
)

[2026-04-05 15:56:15] Tentative de connexion
Data: Array
(
    [email] => isset.tsevie@gmail.com
)

[2026-04-05 15:56:15] Utilisateur trouvé
Data: Array
(
    [user_id] => 1
    [role] => directeur
    [first_login] => 0
)

[2026-04-05 15:56:15] Connexion réussie
Data: Array
(
    [user_id] => 1
    [session] => Array
        (
            [user_id] => 1
            [user_name] => Directeur
            [user_role] => directeur
            [first_login] => 0
        )

)

[2026-04-05 15:56:15] Redirection après connexion réussie
Data: Array
(
    [user_id] => 1
    [role] => directeur
    [first_login] => 0
)

[2026-04-05 15:56:15] Redirection vers: directeur/index.php
[2026-04-05 15:56:15] Redirection vers: http://localhost/isset/directeur/index.php
[2026-04-05 15:56:15] Requête reçue
Data: Array
(
    [method] => GET
    [uri] => /isset/directeur/index.php
    [ip] => ::1
    [user_agent] => Mozilla/5.0 (Windows NT 10.0; Win64; x64) AppleWebKit/537.36 (KHTML, like Gecko) Chrome/147.0.0.0 Safari/537.36
    [post_data] => Array
        (
        )

)

[2026-04-05 15:56:15] Initialisation de la classe Auth
[2026-04-05 15:56:19] Requête reçue
Data: Array
(
    [method] => GET
    [uri] => /isset/directeur/comptes.php
    [ip] => ::1
    [user_agent] => Mozilla/5.0 (Windows NT 10.0; Win64; x64) AppleWebKit/537.36 (KHTML, like Gecko) Chrome/147.0.0.0 Safari/537.36
    [post_data] => Array
        (
        )

)

[2026-04-05 15:56:19] Initialisation de la classe Auth
[2026-04-05 15:57:09] Requête reçue
Data: Array
(
    [method] => GET
    [uri] => /isset/login.php?logged_out=1
    [ip] => ::1
    [user_agent] => Mozilla/5.0 (Windows NT 10.0; Win64; x64) AppleWebKit/537.36 (KHTML, like Gecko) Chrome/147.0.0.0 Safari/537.36
    [post_data] => Array
        (
        )

)

[2026-04-05 15:57:09] Initialisation de la classe Auth
[2026-04-05 15:57:23] Requête reçue
Data: Array
(
    [method] => POST
    [uri] => /isset/login.php
    [ip] => ::1
    [user_agent] => Mozilla/5.0 (Windows NT 10.0; Win64; x64) AppleWebKit/537.36 (KHTML, like Gecko) Chrome/147.0.0.0 Safari/537.36
    [post_data] => Array
        (
            [email] => isset.tsevie@gmail.com
            [password] => Derby47#
        )

)

[2026-04-05 15:57:23] Initialisation de la classe Auth
[2026-04-05 15:57:23] Tentative de connexion depuis le formulaire
Data: Array
(
    [email] => isset.tsevie@gmail.com
    [has_password] => 1
)

[2026-04-05 15:57:23] Tentative de connexion
Data: Array
(
    [email] => isset.tsevie@gmail.com
)

[2026-04-05 15:57:23] Utilisateur trouvé
Data: Array
(
    [user_id] => 1
    [role] => directeur
    [first_login] => 0
)

[2026-04-05 15:57:23] Connexion réussie
Data: Array
(
    [user_id] => 1
    [session] => Array
        (
            [user_id] => 1
            [user_name] => Directeur
            [user_role] => directeur
            [first_login] => 0
        )

)

[2026-04-05 15:57:23] Redirection après connexion réussie
Data: Array
(
    [user_id] => 1
    [role] => directeur
    [first_login] => 0
)

[2026-04-05 15:57:23] Redirection vers: directeur/index.php
[2026-04-05 15:57:23] Redirection vers: http://localhost/isset/directeur/index.php
[2026-04-05 15:57:23] Requête reçue
Data: Array
(
    [method] => GET
    [uri] => /isset/directeur/index.php
    [ip] => ::1
    [user_agent] => Mozilla/5.0 (Windows NT 10.0; Win64; x64) AppleWebKit/537.36 (KHTML, like Gecko) Chrome/147.0.0.0 Safari/537.36
    [post_data] => Array
        (
        )

)

[2026-04-05 15:57:23] Initialisation de la classe Auth
[2026-04-05 15:57:26] Requête reçue
Data: Array
(
    [method] => GET
    [uri] => /isset/directeur/comptes.php
    [ip] => ::1
    [user_agent] => Mozilla/5.0 (Windows NT 10.0; Win64; x64) AppleWebKit/537.36 (KHTML, like Gecko) Chrome/147.0.0.0 Safari/537.36
    [post_data] => Array
        (
        )

)

[2026-04-05 15:57:26] Initialisation de la classe Auth
[2026-04-05 15:57:33] Requête reçue
Data: Array
(
    [method] => GET
    [uri] => /isset/directeur/affectations.php
    [ip] => ::1
    [user_agent] => Mozilla/5.0 (Windows NT 10.0; Win64; x64) AppleWebKit/537.36 (KHTML, like Gecko) Chrome/147.0.0.0 Safari/537.36
    [post_data] => Array
        (
        )

)

[2026-04-05 15:57:33] Initialisation de la classe Auth
[2026-04-05 16:01:18] Requête reçue
Data: Array
(
    [method] => GET
    [uri] => /isset/directeur/affectations.php
    [ip] => ::1
    [user_agent] => Mozilla/5.0 (Windows NT 10.0; Win64; x64) AppleWebKit/537.36 (KHTML, like Gecko) Chrome/147.0.0.0 Safari/537.36
    [post_data] => Array
        (
        )

)

[2026-04-05 16:01:18] Initialisation de la classe Auth
[2026-04-05 16:02:48] Requête reçue
Data: Array
(
    [method] => GET
    [uri] => /isset/directeur/affectations.php
    [ip] => ::1
    [user_agent] => Mozilla/5.0 (Windows NT 10.0; Win64; x64) AppleWebKit/537.36 (KHTML, like Gecko) Chrome/147.0.0.0 Safari/537.36
    [post_data] => Array
        (
        )

)

[2026-04-05 16:02:48] Initialisation de la classe Auth
[2026-04-05 16:03:33] Requête reçue
Data: Array
(
    [method] => GET
    [uri] => /isset/directeur/index.php
    [ip] => ::1
    [user_agent] => Mozilla/5.0 (Windows NT 10.0; Win64; x64) AppleWebKit/537.36 (KHTML, like Gecko) Chrome/147.0.0.0 Safari/537.36
    [post_data] => Array
        (
        )

)

[2026-04-05 16:03:33] Initialisation de la classe Auth
[2026-04-05 16:03:37] Requête reçue
Data: Array
(
    [method] => GET
    [uri] => /isset/directeur/bulletins.php
    [ip] => ::1
    [user_agent] => Mozilla/5.0 (Windows NT 10.0; Win64; x64) AppleWebKit/537.36 (KHTML, like Gecko) Chrome/147.0.0.0 Safari/537.36
    [post_data] => Array
        (
        )

)

[2026-04-05 16:03:37] Initialisation de la classe Auth
[2026-04-05 16:03:42] Requête reçue
Data: Array
(
    [method] => GET
    [uri] => /isset/directeur/bulletins.php?classe_id=10&periode_id=1
    [ip] => ::1
    [user_agent] => Mozilla/5.0 (Windows NT 10.0; Win64; x64) AppleWebKit/537.36 (KHTML, like Gecko) Chrome/147.0.0.0 Safari/537.36
    [post_data] => Array
        (
        )

)

[2026-04-05 16:03:42] Initialisation de la classe Auth
[05-Apr-2026 16:03:42 UTC] Classe ID: 10, Classe nom nettoyé: 'F2_1__re'
[2026-04-05 16:03:51] Requête reçue
Data: Array
(
    [method] => GET
    [uri] => /isset/login.php?logged_out=1
    [ip] => ::1
    [user_agent] => Mozilla/5.0 (Windows NT 10.0; Win64; x64) AppleWebKit/537.36 (KHTML, like Gecko) Chrome/147.0.0.0 Safari/537.36
    [post_data] => Array
        (
        )

)

[2026-04-05 16:03:51] Initialisation de la classe Auth
[2026-04-05 16:04:00] Requête reçue
Data: Array
(
    [method] => POST
    [uri] => /isset/login.php
    [ip] => ::1
    [user_agent] => Mozilla/5.0 (Windows NT 10.0; Win64; x64) AppleWebKit/537.36 (KHTML, like Gecko) Chrome/147.0.0.0 Safari/537.36
    [post_data] => Array
        (
            [email] => jauresfolly@gmail.com
            [password] => isset123
        )

)

[2026-04-05 16:04:00] Initialisation de la classe Auth
[2026-04-05 16:04:00] Tentative de connexion depuis le formulaire
Data: Array
(
    [email] => jauresfolly@gmail.com
    [has_password] => 1
)

[2026-04-05 16:04:00] Tentative de connexion
Data: Array
(
    [email] => jauresfolly@gmail.com
)

[2026-04-05 16:04:00] Utilisateur trouvé
Data: Array
(
    [user_id] => 8
    [role] => professeur
    [first_login] => 1
)

[2026-04-05 16:04:00] Connexion réussie
Data: Array
(
    [user_id] => 8
    [session] => Array
        (
            [user_id] => 8
            [user_name] => FOLLY
            [user_role] => professeur
            [first_login] => 1
        )

)

[2026-04-05 16:04:00] Redirection après connexion réussie
Data: Array
(
    [user_id] => 8
    [role] => professeur
    [first_login] => 1
)

[2026-04-05 16:04:00] Première connexion - redirection vers change-password.php
[2026-04-05 16:04:00] Redirection vers: http://localhost/isset/change-password.php
[2026-04-05 16:04:00] Requête reçue
Data: Array
(
    [method] => GET
    [uri] => /isset/change-password.php
    [ip] => ::1
    [user_agent] => Mozilla/5.0 (Windows NT 10.0; Win64; x64) AppleWebKit/537.36 (KHTML, like Gecko) Chrome/147.0.0.0 Safari/537.36
    [post_data] => Array
        (
        )

)

[2026-04-05 16:04:00] Initialisation de la classe Auth
[2026-04-05 16:04:13] Requête reçue
Data: Array
(
    [method] => POST
    [uri] => /isset/change-password.php
    [ip] => ::1
    [user_agent] => Mozilla/5.0 (Windows NT 10.0; Win64; x64) AppleWebKit/537.36 (KHTML, like Gecko) Chrome/147.0.0.0 Safari/537.36
    [post_data] => Array
        (
            [new_password] => azerty123
            [confirm_password] => azerty123
        )

)

[2026-04-05 16:04:13] Initialisation de la classe Auth
[2026-04-05 16:04:16] Requête reçue
Data: Array
(
    [method] => GET
    [uri] => /isset/professeur/index.php
    [ip] => ::1
    [user_agent] => Mozilla/5.0 (Windows NT 10.0; Win64; x64) AppleWebKit/537.36 (KHTML, like Gecko) Chrome/147.0.0.0 Safari/537.36
    [post_data] => Array
        (
        )

)

[2026-04-05 16:04:16] Initialisation de la classe Auth
[2026-04-05 16:04:21] Requête reçue
Data: Array
(
    [method] => GET
    [uri] => /isset/professeur/saisie_notes.php?matiere=4&classe=16
    [ip] => ::1
    [user_agent] => Mozilla/5.0 (Windows NT 10.0; Win64; x64) AppleWebKit/537.36 (KHTML, like Gecko) Chrome/147.0.0.0 Safari/537.36
    [post_data] => Array
        (
        )

)

[2026-04-05 16:04:21] Initialisation de la classe Auth
[2026-04-05 16:04:36] Requête reçue
Data: Array
(
    [method] => GET
    [uri] => /isset/login.php?logged_out=1
    [ip] => ::1
    [user_agent] => Mozilla/5.0 (Windows NT 10.0; Win64; x64) AppleWebKit/537.36 (KHTML, like Gecko) Chrome/147.0.0.0 Safari/537.36
    [post_data] => Array
        (
        )

)

[2026-04-05 16:04:36] Initialisation de la classe Auth
[2026-04-05 16:04:39] Requête reçue
Data: Array
(
    [method] => POST
    [uri] => /isset/login.php
    [ip] => ::1
    [user_agent] => Mozilla/5.0 (Windows NT 10.0; Win64; x64) AppleWebKit/537.36 (KHTML, like Gecko) Chrome/147.0.0.0 Safari/537.36
    [post_data] => Array
        (
            [email] => graceanoumou@gmail.com
            [password] => Derby47#
        )

)

[2026-04-05 16:04:39] Initialisation de la classe Auth
[2026-04-05 16:04:39] Tentative de connexion depuis le formulaire
Data: Array
(
    [email] => graceanoumou@gmail.com
    [has_password] => 1
)

[2026-04-05 16:04:39] Tentative de connexion
Data: Array
(
    [email] => graceanoumou@gmail.com
)

[2026-04-05 16:04:39] Utilisateur trouvé
Data: Array
(
    [user_id] => 2
    [role] => secretaire
    [first_login] => 0
)

[2026-04-05 16:04:39] Connexion réussie
Data: Array
(
    [user_id] => 2
    [session] => Array
        (
            [user_id] => 2
            [user_name] => ANOUMOU
            [user_role] => secretaire
            [first_login] => 0
        )

)

[2026-04-05 16:04:39] Redirection après connexion réussie
Data: Array
(
    [user_id] => 2
    [role] => secretaire
    [first_login] => 0
)

[2026-04-05 16:04:39] Redirection vers: secretaire/index.php
[2026-04-05 16:04:39] Redirection vers: http://localhost/isset/secretaire/index.php
[2026-04-05 16:04:39] Requête reçue
Data: Array
(
    [method] => GET
    [uri] => /isset/secretaire/index.php
    [ip] => ::1
    [user_agent] => Mozilla/5.0 (Windows NT 10.0; Win64; x64) AppleWebKit/537.36 (KHTML, like Gecko) Chrome/147.0.0.0 Safari/537.36
    [post_data] => Array
        (
        )

)

[2026-04-05 16:04:39] Initialisation de la classe Auth
[2026-04-05 16:04:44] Requête reçue
Data: Array
(
    [method] => GET
    [uri] => /isset/secretaire/inscription.php
    [ip] => ::1
    [user_agent] => Mozilla/5.0 (Windows NT 10.0; Win64; x64) AppleWebKit/537.36 (KHTML, like Gecko) Chrome/147.0.0.0 Safari/537.36
    [post_data] => Array
        (
        )

)

[2026-04-05 16:04:44] Initialisation de la classe Auth
[2026-04-05 16:05:52] Requête reçue
Data: Array
(
    [method] => POST
    [uri] => /isset/secretaire/inscription.php
    [ip] => ::1
    [user_agent] => Mozilla/5.0 (Windows NT 10.0; Win64; x64) AppleWebKit/537.36 (KHTML, like Gecko) Chrome/147.0.0.0 Safari/537.36
    [post_data] => Array
        (
            [nom] => QUANSAH
            [prenom] => Jaures
            [date_naissance] => 2004-08-12
            [lieu_naissance] => Lomé
            [sexe] => M
            [classe_id] => 16
            [contact_parent] => +228 98 81 34 82
        )

)

[2026-04-05 16:05:52] Initialisation de la classe Auth
[2026-04-05 16:05:52] Requête reçue
Data: Array
(
    [method] => GET
    [uri] => /isset/secretaire/eleves.php
    [ip] => ::1
    [user_agent] => Mozilla/5.0 (Windows NT 10.0; Win64; x64) AppleWebKit/537.36 (KHTML, like Gecko) Chrome/147.0.0.0 Safari/537.36
    [post_data] => Array
        (
        )

)

[2026-04-05 16:05:52] Initialisation de la classe Auth
[2026-04-05 16:05:56] Requête reçue
Data: Array
(
    [method] => GET
    [uri] => /isset/login.php?logged_out=1
    [ip] => ::1
    [user_agent] => Mozilla/5.0 (Windows NT 10.0; Win64; x64) AppleWebKit/537.36 (KHTML, like Gecko) Chrome/147.0.0.0 Safari/537.36
    [post_data] => Array
        (
        )

)

[2026-04-05 16:05:56] Initialisation de la classe Auth
[2026-04-05 16:06:09] Requête reçue
Data: Array
(
    [method] => POST
    [uri] => /isset/login.php
    [ip] => ::1
    [user_agent] => Mozilla/5.0 (Windows NT 10.0; Win64; x64) AppleWebKit/537.36 (KHTML, like Gecko) Chrome/147.0.0.0 Safari/537.36
    [post_data] => Array
        (
            [email] => jauresfolly@gmail.com
            [password] => azerty123
        )

)

[2026-04-05 16:06:09] Initialisation de la classe Auth
[2026-04-05 16:06:09] Tentative de connexion depuis le formulaire
Data: Array
(
    [email] => jauresfolly@gmail.com
    [has_password] => 1
)

[2026-04-05 16:06:09] Tentative de connexion
Data: Array
(
    [email] => jauresfolly@gmail.com
)

[2026-04-05 16:06:09] Utilisateur trouvé
Data: Array
(
    [user_id] => 8
    [role] => professeur
    [first_login] => 0
)

[2026-04-05 16:06:09] Connexion réussie
Data: Array
(
    [user_id] => 8
    [session] => Array
        (
            [user_id] => 8
            [user_name] => FOLLY
            [user_role] => professeur
            [first_login] => 0
        )

)

[2026-04-05 16:06:09] Redirection après connexion réussie
Data: Array
(
    [user_id] => 8
    [role] => professeur
    [first_login] => 0
)

[2026-04-05 16:06:09] Redirection vers: professeur/index.php
[2026-04-05 16:06:09] Redirection vers: http://localhost/isset/professeur/index.php
[2026-04-05 16:06:09] Requête reçue
Data: Array
(
    [method] => GET
    [uri] => /isset/professeur/index.php
    [ip] => ::1
    [user_agent] => Mozilla/5.0 (Windows NT 10.0; Win64; x64) AppleWebKit/537.36 (KHTML, like Gecko) Chrome/147.0.0.0 Safari/537.36
    [post_data] => Array
        (
        )

)

[2026-04-05 16:06:09] Initialisation de la classe Auth
[2026-04-05 16:06:12] Requête reçue
Data: Array
(
    [method] => GET
    [uri] => /isset/professeur/saisie_notes.php?matiere=4&classe=16
    [ip] => ::1
    [user_agent] => Mozilla/5.0 (Windows NT 10.0; Win64; x64) AppleWebKit/537.36 (KHTML, like Gecko) Chrome/147.0.0.0 Safari/537.36
    [post_data] => Array
        (
        )

)

[2026-04-05 16:06:12] Initialisation de la classe Auth
[2026-04-05 16:06:27] Requête reçue
Data: Array
(
    [method] => POST
    [uri] => /isset/professeur/saisie_notes.php?matiere=4&classe=16
    [ip] => ::1
    [user_agent] => Mozilla/5.0 (Windows NT 10.0; Win64; x64) AppleWebKit/537.36 (KHTML, like Gecko) Chrome/147.0.0.0 Safari/537.36
    [post_data] => Array
        (
            [semestre] => 1
            [notes] => Array
                (
                    [10] => Array
                        (
                            [interro1] => 13,00
                            [interro2] => 17,00
                            [devoir] => 16,00
                            [compo] => 14,00
                        )

                )

        )

)

[2026-04-05 16:06:27] Initialisation de la classe Auth
[05-Apr-2026 16:06:27 UTC] POST data: Array
(
    [semestre] => 1
    [notes] => Array
        (
            [10] => Array
                (
                    [interro1] => 13,00
                    [interro2] => 17,00
                    [devoir] => 16,00
                    [compo] => 14,00
                )

        )

)

[05-Apr-2026 16:06:27 UTC] Matiere ID: 4, Classe ID: 16, User ID: 8
[05-Apr-2026 16:06:27 UTC] Matière trouvée: Mathématiques (ID: 4, Classe ID: 16)
[05-Apr-2026 16:06:27 UTC] Enseignement trouvé: Array
(
    [id] => 9
    [professeur_id] => 8
    [matiere_id] => 4
    [classe_id] => 16
    [created_at] => 2026-04-05 16:01:28
    [updated_at] => 2026-04-05 16:01:28
    [matiere_nom] => Mathématiques
)

[05-Apr-2026 16:06:27 UTC] Données de note pour élève 10 - Interro1: 13, Interro2: 17, Devoir: 16, Compo: 14
[05-Apr-2026 16:06:27 UTC] Exécution de la requête INSERT avec les paramètres: Array
(
    [0] => 10
    [1] => 4
    [2] => 16
    [3] => 13
    [4] => 17
    [5] => 16
    [6] => 14
    [7] => 1
    [8] => 8
    [9] => 2026-04-05 16:06:27
)

[05-Apr-2026 16:06:27 UTC] Nouvelle note insérée pour l'élève 10 (ID de la note: 26)
[05-Apr-2026 16:06:27 UTC] Nombre d'élèves chargés : 1
[2026-04-05 16:06:34] Requête reçue
Data: Array
(
    [method] => GET
    [uri] => /isset/login.php?logged_out=1
    [ip] => ::1
    [user_agent] => Mozilla/5.0 (Windows NT 10.0; Win64; x64) AppleWebKit/537.36 (KHTML, like Gecko) Chrome/147.0.0.0 Safari/537.36
    [post_data] => Array
        (
        )

)

[2026-04-05 16:06:34] Initialisation de la classe Auth
[2026-04-05 16:06:38] Requête reçue
Data: Array
(
    [method] => POST
    [uri] => /isset/login.php
    [ip] => ::1
    [user_agent] => Mozilla/5.0 (Windows NT 10.0; Win64; x64) AppleWebKit/537.36 (KHTML, like Gecko) Chrome/147.0.0.0 Safari/537.36
    [post_data] => Array
        (
            [email] => isset.tsevie@gmail.com
            [password] => Derby47#
        )

)

[2026-04-05 16:06:38] Initialisation de la classe Auth
[2026-04-05 16:06:38] Tentative de connexion depuis le formulaire
Data: Array
(
    [email] => isset.tsevie@gmail.com
    [has_password] => 1
)

[2026-04-05 16:06:38] Tentative de connexion
Data: Array
(
    [email] => isset.tsevie@gmail.com
)

[2026-04-05 16:06:38] Utilisateur trouvé
Data: Array
(
    [user_id] => 1
    [role] => directeur
    [first_login] => 0
)

[2026-04-05 16:06:38] Connexion réussie
Data: Array
(
    [user_id] => 1
    [session] => Array
        (
            [user_id] => 1
            [user_name] => Directeur
            [user_role] => directeur
            [first_login] => 0
        )

)

[2026-04-05 16:06:38] Redirection après connexion réussie
Data: Array
(
    [user_id] => 1
    [role] => directeur
    [first_login] => 0
)

[2026-04-05 16:06:38] Redirection vers: directeur/index.php
[2026-04-05 16:06:38] Redirection vers: http://localhost/isset/directeur/index.php
[2026-04-05 16:06:38] Requête reçue
Data: Array
(
    [method] => GET
    [uri] => /isset/directeur/index.php
    [ip] => ::1
    [user_agent] => Mozilla/5.0 (Windows NT 10.0; Win64; x64) AppleWebKit/537.36 (KHTML, like Gecko) Chrome/147.0.0.0 Safari/537.36
    [post_data] => Array
        (
        )

)

[2026-04-05 16:06:38] Initialisation de la classe Auth
[2026-04-05 16:06:45] Requête reçue
Data: Array
(
    [method] => GET
    [uri] => /isset/directeur/bulletins.php
    [ip] => ::1
    [user_agent] => Mozilla/5.0 (Windows NT 10.0; Win64; x64) AppleWebKit/537.36 (KHTML, like Gecko) Chrome/147.0.0.0 Safari/537.36
    [post_data] => Array
        (
        )

)

[2026-04-05 16:06:45] Initialisation de la classe Auth
[2026-04-05 16:06:49] Requête reçue
Data: Array
(
    [method] => GET
    [uri] => /isset/directeur/bulletins.php?classe_id=16&periode_id=1
    [ip] => ::1
    [user_agent] => Mozilla/5.0 (Windows NT 10.0; Win64; x64) AppleWebKit/537.36 (KHTML, like Gecko) Chrome/147.0.0.0 Safari/537.36
    [post_data] => Array
        (
        )

)

[2026-04-05 16:06:49] Initialisation de la classe Auth
[05-Apr-2026 16:06:49 UTC] Classe ID: 16, Classe nom nettoyé: 'F2_Tle'
[2026-04-05 16:11:59] Requête reçue
Data: Array
(
    [method] => GET
    [uri] => /isset/
    [ip] => ::1
    [user_agent] => Mozilla/5.0 (Windows NT 10.0; Win64; x64) AppleWebKit/537.36 (KHTML, like Gecko) Chrome/147.0.0.0 Safari/537.36
    [post_data] => Array
        (
        )

)

[2026-04-05 16:11:59] Initialisation de la classe Auth
[2026-04-05 16:12:01] Requête reçue
Data: Array
(
    [method] => POST
    [uri] => /isset/login.php
    [ip] => ::1
    [user_agent] => Mozilla/5.0 (Windows NT 10.0; Win64; x64) AppleWebKit/537.36 (KHTML, like Gecko) Chrome/147.0.0.0 Safari/537.36
    [post_data] => Array
        (
            [email] => isset.tsevie@gmail.com
            [password] => Derby47#
        )

)

[2026-04-05 16:12:01] Initialisation de la classe Auth
[2026-04-05 16:12:01] Tentative de connexion depuis le formulaire
Data: Array
(
    [email] => isset.tsevie@gmail.com
    [has_password] => 1
)

[2026-04-05 16:12:01] Tentative de connexion
Data: Array
(
    [email] => isset.tsevie@gmail.com
)

[2026-04-05 16:12:01] Utilisateur trouvé
Data: Array
(
    [user_id] => 1
    [role] => directeur
    [first_login] => 0
)

[2026-04-05 16:12:01] Connexion réussie
Data: Array
(
    [user_id] => 1
    [session] => Array
        (
            [user_id] => 1
            [user_name] => Directeur
            [user_role] => directeur
            [first_login] => 0
        )

)

[2026-04-05 16:12:01] Redirection après connexion réussie
Data: Array
(
    [user_id] => 1
    [role] => directeur
    [first_login] => 0
)

[2026-04-05 16:12:01] Redirection vers: directeur/index.php
[2026-04-05 16:12:01] Redirection vers: http://localhost/isset/directeur/index.php
[2026-04-05 16:12:01] Requête reçue
Data: Array
(
    [method] => GET
    [uri] => /isset/directeur/index.php
    [ip] => ::1
    [user_agent] => Mozilla/5.0 (Windows NT 10.0; Win64; x64) AppleWebKit/537.36 (KHTML, like Gecko) Chrome/147.0.0.0 Safari/537.36
    [post_data] => Array
        (
        )

)

[2026-04-05 16:12:01] Initialisation de la classe Auth
[2026-04-05 16:12:04] Requête reçue
Data: Array
(
    [method] => GET
    [uri] => /isset/directeur/bulletins.php
    [ip] => ::1
    [user_agent] => Mozilla/5.0 (Windows NT 10.0; Win64; x64) AppleWebKit/537.36 (KHTML, like Gecko) Chrome/147.0.0.0 Safari/537.36
    [post_data] => Array
        (
        )

)

[2026-04-05 16:12:04] Initialisation de la classe Auth
[2026-04-05 16:12:10] Requête reçue
Data: Array
(
    [method] => GET
    [uri] => /isset/directeur/bulletins.php?classe_id=16&periode_id=1
    [ip] => ::1
    [user_agent] => Mozilla/5.0 (Windows NT 10.0; Win64; x64) AppleWebKit/537.36 (KHTML, like Gecko) Chrome/147.0.0.0 Safari/537.36
    [post_data] => Array
        (
        )

)

[2026-04-05 16:12:10] Initialisation de la classe Auth
[05-Apr-2026 16:12:10 UTC] Classe ID: 16, Classe nom nettoyé: 'F2_Tle'
