[2025-12-05 15:57:25] Requête reçue
Data: Array
(
    [method] => GET
    [uri] => /isset/
    [ip] => ::1
    [user_agent] => Mozilla/5.0 (Windows NT 10.0; Win64; x64) AppleWebKit/537.36 (KHTML, like Gecko) Chrome/142.0.0.0 Safari/537.36
    [post_data] => Array
        (
        )

)

[2025-12-05 15:57:25] Initialisation de la classe Auth
[2025-12-05 20:16:39] Requête reçue
Data: Array
(
    [method] => GET
    [uri] => /isset/
    [ip] => ::1
    [user_agent] => Mozilla/5.0 (Windows NT 10.0; Win64; x64) AppleWebKit/537.36 (KHTML, like Gecko) Chrome/142.0.0.0 Safari/537.36
    [post_data] => Array
        (
        )

)

[2025-12-05 20:16:39] Initialisation de la classe Auth
[2025-12-05 20:17:07] Requête reçue
Data: Array
(
    [method] => POST
    [uri] => /isset/login.php
    [ip] => ::1
    [user_agent] => Mozilla/5.0 (Windows NT 10.0; Win64; x64) AppleWebKit/537.36 (KHTML, like Gecko) Chrome/142.0.0.0 Safari/537.36
    [post_data] => Array
        (
            [email] => admin@isset
            [password] => Admin10#
        )

)

[2025-12-05 20:17:07] Initialisation de la classe Auth
[2025-12-05 20:17:07] Tentative de connexion depuis le formulaire
Data: Array
(
    [email] => admin@isset
    [has_password] => 1
)

[2025-12-05 20:17:07] Tentative de connexion
Data: Array
(
    [email] => admin@isset
)

[2025-12-05 20:17:07] Échec de la connexion: utilisateur non trouvé
Data: Array
(
    [email] => admin@isset
)

[2025-12-05 20:17:07] Échec de la connexion
Data: Array
(
    [email] => admin@isset
    [error] => Identifiants invalides
)

[2025-12-05 20:17:16] Requête reçue
Data: Array
(
    [method] => POST
    [uri] => /isset/login.php
    [ip] => ::1
    [user_agent] => Mozilla/5.0 (Windows NT 10.0; Win64; x64) AppleWebKit/537.36 (KHTML, like Gecko) Chrome/142.0.0.0 Safari/537.36
    [post_data] => Array
        (
            [email] => isset.tsevie@gmail.com
            [password] => Derby47#
        )

)

[2025-12-05 20:17:16] Initialisation de la classe Auth
[2025-12-05 20:17:16] Tentative de connexion depuis le formulaire
Data: Array
(
    [email] => isset.tsevie@gmail.com
    [has_password] => 1
)

[2025-12-05 20:17:16] Tentative de connexion
Data: Array
(
    [email] => isset.tsevie@gmail.com
)

[2025-12-05 20:17:16] Utilisateur trouvé
Data: Array
(
    [user_id] => 1
    [role] => directeur
    [first_login] => 0
)

[2025-12-05 20:17:16] Connexion réussie
Data: Array
(
    [user_id] => 1
    [session] => Array
        (
            [user_id] => 1
            [user_name] => Directeur
            [user_role] => directeur
            [first_login] => 0
        )

)

[2025-12-05 20:17:16] Redirection après connexion réussie
Data: Array
(
    [user_id] => 1
    [role] => directeur
    [first_login] => 0
)

[2025-12-05 20:17:16] Redirection vers: directeur/index.php
[2025-12-05 20:17:16] Redirection vers: http://localhost/isset/directeur/index.php
[2025-12-05 20:17:16] Requête reçue
Data: Array
(
    [method] => GET
    [uri] => /isset/directeur/index.php
    [ip] => ::1
    [user_agent] => Mozilla/5.0 (Windows NT 10.0; Win64; x64) AppleWebKit/537.36 (KHTML, like Gecko) Chrome/142.0.0.0 Safari/537.36
    [post_data] => Array
        (
        )

)

[2025-12-05 20:17:16] Initialisation de la classe Auth
[2025-12-05 20:20:19] Requête reçue
Data: Array
(
    [method] => GET
    [uri] => /isset/directeur/matieres.php
    [ip] => ::1
    [user_agent] => Mozilla/5.0 (Windows NT 10.0; Win64; x64) AppleWebKit/537.36 (KHTML, like Gecko) Chrome/142.0.0.0 Safari/537.36
    [post_data] => Array
        (
        )

)

[2025-12-05 20:20:19] Initialisation de la classe Auth
[2025-12-05 20:20:44] Requête reçue
Data: Array
(
    [method] => GET
    [uri] => /isset/login.php?logged_out=1
    [ip] => ::1
    [user_agent] => Mozilla/5.0 (Windows NT 10.0; Win64; x64) AppleWebKit/537.36 (KHTML, like Gecko) Chrome/142.0.0.0 Safari/537.36
    [post_data] => Array
        (
        )

)

[2025-12-05 20:20:44] Initialisation de la classe Auth
[2025-12-05 20:20:59] Requête reçue
Data: Array
(
    [method] => POST
    [uri] => /isset/login.php
    [ip] => ::1
    [user_agent] => Mozilla/5.0 (Windows NT 10.0; Win64; x64) AppleWebKit/537.36 (KHTML, like Gecko) Chrome/142.0.0.0 Safari/537.36
    [post_data] => Array
        (
            [email] => graceanoumou@gmail.com
            [password] => Derby47#
        )

)

[2025-12-05 20:20:59] Initialisation de la classe Auth
[2025-12-05 20:20:59] Tentative de connexion depuis le formulaire
Data: Array
(
    [email] => graceanoumou@gmail.com
    [has_password] => 1
)

[2025-12-05 20:20:59] Tentative de connexion
Data: Array
(
    [email] => graceanoumou@gmail.com
)

[2025-12-05 20:20:59] Utilisateur trouvé
Data: Array
(
    [user_id] => 2
    [role] => secretaire
    [first_login] => 0
)

[2025-12-05 20:20:59] Connexion réussie
Data: Array
(
    [user_id] => 2
    [session] => Array
        (
            [user_id] => 2
            [user_name] => ANOUMOU
            [user_role] => secretaire
            [first_login] => 0
        )

)

[2025-12-05 20:20:59] Redirection après connexion réussie
Data: Array
(
    [user_id] => 2
    [role] => secretaire
    [first_login] => 0
)

[2025-12-05 20:20:59] Redirection vers: secretaire/index.php
[2025-12-05 20:20:59] Redirection vers: http://localhost/isset/secretaire/index.php
[2025-12-05 20:20:59] Requête reçue
Data: Array
(
    [method] => GET
    [uri] => /isset/secretaire/index.php
    [ip] => ::1
    [user_agent] => Mozilla/5.0 (Windows NT 10.0; Win64; x64) AppleWebKit/537.36 (KHTML, like Gecko) Chrome/142.0.0.0 Safari/537.36
    [post_data] => Array
        (
        )

)

[2025-12-05 20:20:59] Initialisation de la classe Auth
[2025-12-05 20:21:04] Requête reçue
Data: Array
(
    [method] => GET
    [uri] => /isset/secretaire/eleves.php
    [ip] => ::1
    [user_agent] => Mozilla/5.0 (Windows NT 10.0; Win64; x64) AppleWebKit/537.36 (KHTML, like Gecko) Chrome/142.0.0.0 Safari/537.36
    [post_data] => Array
        (
        )

)

[2025-12-05 20:21:04] Initialisation de la classe Auth
[2025-12-05 20:21:11] Requête reçue
Data: Array
(
    [method] => GET
    [uri] => /isset/secretaire/inscription.php
    [ip] => ::1
    [user_agent] => Mozilla/5.0 (Windows NT 10.0; Win64; x64) AppleWebKit/537.36 (KHTML, like Gecko) Chrome/142.0.0.0 Safari/537.36
    [post_data] => Array
        (
        )

)

[2025-12-05 20:21:11] Initialisation de la classe Auth
[2025-12-05 20:21:15] Requête reçue
Data: Array
(
    [method] => GET
    [uri] => /isset/secretaire/eleves.php
    [ip] => ::1
    [user_agent] => Mozilla/5.0 (Windows NT 10.0; Win64; x64) AppleWebKit/537.36 (KHTML, like Gecko) Chrome/142.0.0.0 Safari/537.36
    [post_data] => Array
        (
        )

)

[2025-12-05 20:21:15] Initialisation de la classe Auth
[2025-12-05 20:21:17] Requête reçue
Data: Array
(
    [method] => GET
    [uri] => /isset/secretaire/index.php
    [ip] => ::1
    [user_agent] => Mozilla/5.0 (Windows NT 10.0; Win64; x64) AppleWebKit/537.36 (KHTML, like Gecko) Chrome/142.0.0.0 Safari/537.36
    [post_data] => Array
        (
        )

)

[2025-12-05 20:21:17] Initialisation de la classe Auth
[2025-12-05 20:21:48] Requête reçue
Data: Array
(
    [method] => GET
    [uri] => /isset/secretaire/eleves.php
    [ip] => ::1
    [user_agent] => Mozilla/5.0 (Windows NT 10.0; Win64; x64) AppleWebKit/537.36 (KHTML, like Gecko) Chrome/142.0.0.0 Safari/537.36
    [post_data] => Array
        (
        )

)

[2025-12-05 20:21:48] Initialisation de la classe Auth
[2025-12-05 20:24:44] Requête reçue
Data: Array
(
    [method] => GET
    [uri] => /isset/secretaire/eleves.php
    [ip] => ::1
    [user_agent] => Mozilla/5.0 (Windows NT 10.0; Win64; x64) AppleWebKit/537.36 (KHTML, like Gecko) Chrome/142.0.0.0 Safari/537.36
    [post_data] => Array
        (
        )

)

[2025-12-05 20:24:44] Initialisation de la classe Auth
[2025-12-05 20:24:54] Requête reçue
Data: Array
(
    [method] => GET
    [uri] => /isset/secretaire/eleves.php?recherche=Aka&classe=&sexe=
    [ip] => ::1
    [user_agent] => Mozilla/5.0 (Windows NT 10.0; Win64; x64) AppleWebKit/537.36 (KHTML, like Gecko) Chrome/142.0.0.0 Safari/537.36
    [post_data] => Array
        (
        )

)

[2025-12-05 20:24:54] Initialisation de la classe Auth
[2025-12-05 20:24:59] Requête reçue
Data: Array
(
    [method] => GET
    [uri] => /isset/secretaire/eleves.php?recherche=&classe=&sexe=
    [ip] => ::1
    [user_agent] => Mozilla/5.0 (Windows NT 10.0; Win64; x64) AppleWebKit/537.36 (KHTML, like Gecko) Chrome/142.0.0.0 Safari/537.36
    [post_data] => Array
        (
        )

)

[2025-12-05 20:24:59] Initialisation de la classe Auth
[2025-12-05 20:25:06] Requête reçue
Data: Array
(
    [method] => GET
    [uri] => /isset/secretaire/eleves.php?recherche=&classe=14&sexe=
    [ip] => ::1
    [user_agent] => Mozilla/5.0 (Windows NT 10.0; Win64; x64) AppleWebKit/537.36 (KHTML, like Gecko) Chrome/142.0.0.0 Safari/537.36
    [post_data] => Array
        (
        )

)

[2025-12-05 20:25:06] Initialisation de la classe Auth
[2025-12-05 20:25:12] Requête reçue
Data: Array
(
    [method] => GET
    [uri] => /isset/secretaire/eleves.php?recherche=&classe=&sexe=
    [ip] => ::1
    [user_agent] => Mozilla/5.0 (Windows NT 10.0; Win64; x64) AppleWebKit/537.36 (KHTML, like Gecko) Chrome/142.0.0.0 Safari/537.36
    [post_data] => Array
        (
        )

)

[2025-12-05 20:25:12] Initialisation de la classe Auth
[2025-12-05 20:25:17] Requête reçue
Data: Array
(
    [method] => GET
    [uri] => /isset/secretaire/eleves.php?recherche=&classe=&sexe=M
    [ip] => ::1
    [user_agent] => Mozilla/5.0 (Windows NT 10.0; Win64; x64) AppleWebKit/537.36 (KHTML, like Gecko) Chrome/142.0.0.0 Safari/537.36
    [post_data] => Array
        (
        )

)

[2025-12-05 20:25:17] Initialisation de la classe Auth
[2025-12-05 20:25:20] Requête reçue
Data: Array
(
    [method] => GET
    [uri] => /isset/secretaire/eleves.php?
    [ip] => ::1
    [user_agent] => Mozilla/5.0 (Windows NT 10.0; Win64; x64) AppleWebKit/537.36 (KHTML, like Gecko) Chrome/142.0.0.0 Safari/537.36
    [post_data] => Array
        (
        )

)

[2025-12-05 20:25:20] Initialisation de la classe Auth
[2025-12-05 20:29:16] Requête reçue
Data: Array
(
    [method] => GET
    [uri] => /isset/login.php?logged_out=1
    [ip] => ::1
    [user_agent] => Mozilla/5.0 (Windows NT 10.0; Win64; x64) AppleWebKit/537.36 (KHTML, like Gecko) Chrome/142.0.0.0 Safari/537.36
    [post_data] => Array
        (
        )

)

[2025-12-05 20:29:16] Initialisation de la classe Auth
