[2025-11-17 16:32:03] Requête reçue
Data: Array
(
    [method] => GET
    [uri] => /isset/
    [ip] => ::1
    [user_agent] => Mozilla/5.0 (Windows NT 10.0; Win64; x64) AppleWebKit/537.36 (KHTML, like Gecko) Chrome/142.0.0.0 Safari/537.36
    [post_data] => Array
        (
        )

)

[2025-11-17 16:32:24] Requête reçue
Data: Array
(
    [method] => GET
    [uri] => /isset/
    [ip] => ::1
    [user_agent] => Mozilla/5.0 (Windows NT 10.0; Win64; x64) AppleWebKit/537.36 (KHTML, like Gecko) Chrome/142.0.0.0 Safari/537.36
    [post_data] => Array
        (
        )

)

[2025-11-17 16:32:24] Initialisation de la classe Auth
[2025-11-17 19:29:08] Requête reçue
Data: Array
(
    [method] => GET
    [uri] => /isset/
    [ip] => ::1
    [user_agent] => Mozilla/5.0 (Windows NT 10.0; Win64; x64) AppleWebKit/537.36 (KHTML, like Gecko) Chrome/142.0.0.0 Safari/537.36
    [post_data] => Array
        (
        )

)

[2025-11-17 19:29:08] Initialisation de la classe Auth
[2025-11-17 19:29:16] Requête reçue
Data: Array
(
    [method] => GET
    [uri] => /isset/
    [ip] => ::1
    [user_agent] => Mozilla/5.0 (Windows NT 10.0; Win64; x64) AppleWebKit/537.36 (KHTML, like Gecko) Chrome/142.0.0.0 Safari/537.36
    [post_data] => Array
        (
        )

)

[2025-11-17 19:29:16] Initialisation de la classe Auth
